157.52.79.74 155.43.201.67 - [07/Jul/2019:23:59:59 -0200] "GET /cstm/sec/load?sections=messages%2Cconnct%2Crdmpn%2Cbta%2Ccart-fddl%2Cwebform%2Cbrowse-fddl&updsecid=true&_=1562442296243 HTTP/1.1" 200 785 "https://www.example.com/main-category/sub-category1/sub-sub-category10" "Mozilla/5.0 (Windows NT 10.0; Win64; x64) AppleWebKit/537.36 (KHTML, like Gecko) Chrome/75.11.3880.102 Safari/77.390"
157.52.79.74 155.43.201.67 - [07/Jul/2019:23:59:59 -0200] "GET /cstm/sec/load?sections=messages%2Cconnct%2Crdmpn%2Cbta%2Ccart-fddl%2Cwebform%2Cbrowse-fddl&updsecid=true&_=1562442296243 HTTP/1.1" 200 785 "https://www.example.com/main-category/sub-category1/sub-sub-category10" "Mozilla/5.0 (Windows NT 10.0; Win64; x64) AppleWebKit/537.36 (KHTML, like Gecko) Chrome/75.11.3880.102 Safari/77.390"
157.52.75.30 192.240.174.39, 199.27.79.25 - [08/Jul/2019:00:00:00 -0200] "GET /server-status HTTP/1.1" 404 619 "http://127.0.0.1:8080/server-status?auto" "Go-http-client/2.0"
157.52.98.34 159.51.129.177 - [08/Jul/2019:00:00:00 -0200] "GET /cstm/sec/load?sections=messages%2Cconnct%2Crdmpn%2Cbta%2Ccart-fddl%2Cwebform%2Cbrowse-fddl&updsecid=true&_=1562558397610 HTTP/1.1" 200 785 "https://www.example.com/gall/alb1" "Mozilla/5.0 (Windows NT 10.0; Win64; x64) AppleWebKit/537.36 (KHTML, like Gecko) Chrome/75.11.3880.102 Safari/77.390"
157.52.98.46 130.93.253.236 - [08/Jul/2019:00:00:00 -0200] "GET /cstm/sec/load?sections=&updsecid=false&_=1562558398896 HTTP/1.1" 200 10158 "https://www.example.com/main-category/sub-category1/sub-sub-category1" "Mozilla/5.0 (iPhone; CPU iPhone OS 12_3_1 like Mac OS X) AppleWebKit/605.1.15 (KHTML, like Gecko) Version/12.1.1 Mobile/15E148 Safari/604.1"
157.52.98.46 130.93.253.236 - [08/Jul/2019:00:00:00 -0200] "GET /cstm/sec/load?sections=directory-data&updsecid=false&_=1562558398897 HTTP/1.1" 200 2641 "https://www.example.com/main-category/sub-category1/sub-sub-category1" "Mozilla/5.0 (iPhone; CPU iPhone OS 12_3_1 like Mac OS X) AppleWebKit/605.1.15 (KHTML, like Gecko) Version/12.1.1 Mobile/15E148 Safari/604.1"
157.52.75.66 1.50.180.147, 157.52.99.35 - [08/Jul/2019:00:00:00 -0200] "GET /product-sb33-smawsbc2bd1fddakc.html HTTP/1.1" 200 83707 "-" "Mozilla/5.0 (Windows NT 10.0; WOW64) AppleWebKit/537.36 (KHTML, like Gecko) Chrome/54.0.2840.99 Safari/537.36"
157.52.75.30 192.240.174.39, 199.27.79.25 - [08/Jul/2019:00:00:00 -0200] "GET /server-status HTTP/1.1" 404 619 "http://127.0.0.1:8080/server-status?auto" "Go-http-client/2.0"
157.52.98.34 159.51.129.177 - [08/Jul/2019:00:00:00 -0200] "GET /cstm/sec/load?sections=messages%2Cconnct%2Crdmpn%2Cbta%2Ccart-fddl%2Cwebform%2Cbrowse-fddl&updsecid=true&_=1562558397610 HTTP/1.1" 200 785 "https://www.example.com/gall/alb1" "Mozilla/5.0 (Windows NT 10.0; Win64; x64) AppleWebKit/537.36 (KHTML, like Gecko) Chrome/75.11.3880.102 Safari/77.390"
157.52.98.46 130.93.253.236 - [08/Jul/2019:00:00:00 -0200] "GET /cstm/sec/load?sections=&updsecid=false&_=1562558398896 HTTP/1.1" 200 10158 "https://www.example.com/main-category/sub-category1/sub-sub-category1" "Mozilla/5.0 (iPhone; CPU iPhone OS 12_3_1 like Mac OS X) AppleWebKit/605.1.15 (KHTML, like Gecko) Version/12.1.1 Mobile/15E148 Safari/604.1"
157.52.98.46 130.93.253.236 - [08/Jul/2019:00:00:00 -0200] "GET /cstm/sec/load?sections=directory-data&updsecid=false&_=1562558398897 HTTP/1.1" 200 2641 "https://www.example.com/main-category/sub-category1/sub-sub-category1" "Mozilla/5.0 (iPhone; CPU iPhone OS 12_3_1 like Mac OS X) AppleWebKit/605.1.15 (KHTML, like Gecko) Version/12.1.1 Mobile/15E148 Safari/604.1"
157.52.75.66 1.50.180.147, 157.52.99.35 - [08/Jul/2019:00:00:00 -0200] "GET /product-sb33-smawsbc2bd1fddakc.html HTTP/1.1" 200 83707 "-" "Mozilla/5.0 (Windows NT 10.0; WOW64) AppleWebKit/537.36 (KHTML, like Gecko) Chrome/54.0.2840.99 Safari/537.36"
127.0.0.1 - - [08/Jul/2019:00:00:00 -0200] "GET /server-status?auto HTTP/1.1" 302 - "-" "Go-http-client/1.1"
157.52.75.70 117.87.143.9 - [08/Jul/2019:00:00:01 -0200] "GET /cstm/sec/load?sections=messages%2Cconnct%2Crdmpn%2Cbta%2Ccart-fddl%2Cwebform%2Cbrowse-fddl&updsecid=true&_=1562451172757 HTTP/1.1" 200 785 "https://www.example.com/main-category/sub-category1/sub-sub-category4" "Mozilla/5.0 (Windows NT 10.0; Win64; x64; rv:67.0) Gecko/20100101 Firefox/67.0"
157.52.75.70 117.87.143.9 - [08/Jul/2019:00:00:01 -0200] "GET /cstm/sec/load?sections=messages%2Cconnct%2Crdmpn%2Cbta%2Ccart-fddl%2Cwebform%2Cbrowse-fddl&updsecid=true&_=1562451172757 HTTP/1.1" 200 785 "https://www.example.com/main-category/sub-category1/sub-sub-category4" "Mozilla/5.0 (Windows NT 10.0; Win64; x64; rv:67.0) Gecko/20100101 Firefox/67.0"
157.52.109.35 107.77.193.138 - [08/Jul/2019:00:00:02 -0200] "GET /pub/static/version1532120011/frontend/custom/theme/it_IT/Core_Captcha/template/checkout/captcha.html HTTP/1.1" 200 1825 "https://www.example.com/cms-page1" "Mozilla/5.0 (iPad; CPU OS 12_3_1 like Mac OS X) AppleWebKit/605.1.15 (KHTML, like Gecko) Version/12.1.1 Mobile/15E148 Safari/604.1"
157.52.75.20 130.93.253.236, 157.52.99.32 - [08/Jul/2019:00:00:01 -0200] "GET /main-category/sub-category1/sub-sub-category1?_=1562558398898&iscll=1&p=2 HTTP/1.1" 200 50830 "https://www.example.com/main-category/sub-category1/sub-sub-category1" "Mozilla/5.0 (iPhone; CPU iPhone OS 12_3_1 like Mac OS X) AppleWebKit/605.1.15 (KHTML, like Gecko) Version/12.1.1 Mobile/15E148 Safari/604.1"
157.52.109.35 107.77.193.138 - [08/Jul/2019:00:00:02 -0200] "GET /pub/static/version1532120011/frontend/custom/theme/it_IT/Core_Captcha/template/checkout/captcha.html HTTP/1.1" 200 1825 "https://www.example.com/cms-page1" "Mozilla/5.0 (iPad; CPU OS 12_3_1 like Mac OS X) AppleWebKit/605.1.15 (KHTML, like Gecko) Version/12.1.1 Mobile/15E148 Safari/604.1"
157.52.75.20 130.93.253.236, 157.52.99.32 - [08/Jul/2019:00:00:01 -0200] "GET /main-category/sub-category1/sub-sub-category1?_=1562558398898&iscll=1&p=2 HTTP/1.1" 200 50830 "https://www.example.com/main-category/sub-category1/sub-sub-category1" "Mozilla/5.0 (iPhone; CPU iPhone OS 12_3_1 like Mac OS X) AppleWebKit/605.1.15 (KHTML, like Gecko) Version/12.1.1 Mobile/15E148 Safari/604.1"
127.0.0.1 - - [08/Jul/2019:00:00:02 -0200] "GET /pub/health_check.php HTTP/1.1" 200 - "-" "-"
157.52.98.46 130.93.253.236 - [08/Jul/2019:00:00:03 -0200] "GET /pub/static/version1532120011/frontend/custom/theme/it_IT/Core_Captcha/template/checkout/captcha.html HTTP/1.1" 200 1825 "https://www.example.com/main-category/sub-category1/sub-sub-category1" "Mozilla/5.0 (iPhone; CPU iPhone OS 12_3_1 like Mac OS X) AppleWebKit/605.1.15 (KHTML, like Gecko) Version/12.1.1 Mobile/15E148 Safari/604.1"
157.52.98.46 130.93.253.236 - [08/Jul/2019:00:00:03 -0200] "GET /cstm/sec/load?sections=messages%2Cconnct%2Crdmpn%2Cbta%2Ccart-fddl%2Cwebform%2Cbrowse-fddl&updsecid=true&_=1562558398899 HTTP/1.1" 200 785 "https://www.example.com/main-category/sub-category1/sub-sub-category1" "Mozilla/5.0 (iPhone; CPU iPhone OS 12_3_1 like Mac OS X) AppleWebKit/605.1.15 (KHTML, like Gecko) Version/12.1.1 Mobile/15E148 Safari/604.1"
157.52.75.30 172.58.139.62 - [08/Jul/2019:00:00:03 -0200] "GET /main-category/sub-category1/sub-sub-category2?_=1562558203605&iscll=1&p=43 HTTP/1.1" 200 54479 "https://www.example.com/main-category/sub-category1/sub-sub-category2?p=37" "Mozilla/5.0 (iPhone; CPU iPhone OS 12_3_1 like Mac OS X) AppleWebKit/605.1.15 (KHTML, like Gecko) Version/12.1.1 Mobile/15E148 Safari/604.1"
157.52.98.46 130.93.253.236 - [08/Jul/2019:00:00:03 -0200] "GET /pub/static/version1532120011/frontend/custom/theme/it_IT/Core_Captcha/template/checkout/captcha.html HTTP/1.1" 200 1825 "https://www.example.com/main-category/sub-category1/sub-sub-category1" "Mozilla/5.0 (iPhone; CPU iPhone OS 12_3_1 like Mac OS X) AppleWebKit/605.1.15 (KHTML, like Gecko) Version/12.1.1 Mobile/15E148 Safari/604.1"
157.52.98.46 130.93.253.236 - [08/Jul/2019:00:00:03 -0200] "GET /cstm/sec/load?sections=messages%2Cconnct%2Crdmpn%2Cbta%2Ccart-fddl%2Cwebform%2Cbrowse-fddl&updsecid=true&_=1562558398899 HTTP/1.1" 200 785 "https://www.example.com/main-category/sub-category1/sub-sub-category1" "Mozilla/5.0 (iPhone; CPU iPhone OS 12_3_1 like Mac OS X) AppleWebKit/605.1.15 (KHTML, like Gecko) Version/12.1.1 Mobile/15E148 Safari/604.1"
157.52.75.30 172.58.139.62 - [08/Jul/2019:00:00:03 -0200] "GET /main-category/sub-category1/sub-sub-category2?_=1562558203605&iscll=1&p=43 HTTP/1.1" 200 54479 "https://www.example.com/main-category/sub-category1/sub-sub-category2?p=37" "Mozilla/5.0 (iPhone; CPU iPhone OS 12_3_1 like Mac OS X) AppleWebKit/605.1.15 (KHTML, like Gecko) Version/12.1.1 Mobile/15E148 Safari/604.1"
157.52.75.27 157.55.39.123, 157.52.67.23 - [08/Jul/2019:00:00:05 -0200] "GET /category200?p=22 HTTP/1.1" 200 100255 "-" "Mozilla/5.0 (compatible; bingbot/2.0; +http://www.bing.com/bingbot.htm)"
157.52.75.27 157.55.39.123, 157.52.67.23 - [08/Jul/2019:00:00:05 -0200] "GET /category200?p=22 HTTP/1.1" 200 100255 "-" "Mozilla/5.0 (compatible; bingbot/2.0; +http://www.bing.com/bingbot.htm)"
127.0.0.1 - - [08/Jul/2019:00:00:05 -0200] "OPTIONS * HTTP/1.0" 200 - "-" "Apache (internal dummy connection)"
127.0.0.1 - - [08/Jul/2019:00:00:06 -0200] "OPTIONS * HTTP/1.0" 200 - "-" "Apache (internal dummy connection)"
157.52.79.71 135.38.18.253 - [08/Jul/2019:00:00:06 -0200] "GET /cstm/sec/load?sections=messages%2Cconnct%2Crdmpn%2Cbta%2Ccart-fddl%2Cwebform%2Cbrowse-fddl&updsecid=true&_=1562543834934 HTTP/1.1" 200 555 "https://www.example.com/checkout/1page/success" "Mozilla/5.0 (Windows NT 6.3; Win64; x64) AppleWebKit/537.36 (KHTML, like Gecko) Chrome/74.0.3729.169 Safari/537.36"
157.52.98.45 126.78.56.253 - [08/Jul/2019:00:00:06 -0200] "GET /cstm/sec/load?sections=messages%2Cconnct%2Crdmpn%2Cbta%2Ccart-fddl%2Cwebform%2Cbrowse-fddl&updsecid=true&_=1562556613866 HTTP/1.1" 200 555 "https://www.example.com/checkout/1page/success" "Mozilla/5.0 (Windows NT 6.1; Win64; x64; rv:67.0) Gecko/20100101 Firefox/67.0"
157.52.79.71 135.38.18.253 - [08/Jul/2019:00:00:06 -0200] "GET /cstm/sec/load?sections=messages%2Cconnct%2Crdmpn%2Cbta%2Ccart-fddl%2Cwebform%2Cbrowse-fddl&updsecid=true&_=1562543834934 HTTP/1.1" 200 555 "https://www.example.com/checkout/1page/success" "Mozilla/5.0 (Windows NT 6.3; Win64; x64) AppleWebKit/537.36 (KHTML, like Gecko) Chrome/74.0.3729.169 Safari/537.36"
157.52.98.45 126.78.56.253 - [08/Jul/2019:00:00:06 -0200] "GET /cstm/sec/load?sections=messages%2Cconnct%2Crdmpn%2Cbta%2Ccart-fddl%2Cwebform%2Cbrowse-fddl&updsecid=true&_=1562556613866 HTTP/1.1" 200 555 "https://www.example.com/checkout/1page/success" "Mozilla/5.0 (Windows NT 6.1; Win64; x64; rv:67.0) Gecko/20100101 Firefox/67.0"
127.0.0.1 - - [08/Jul/2019:00:00:07 -0200] "GET /pub/health_check.php HTTP/1.1" 200 - "-" "-"
127.0.0.1 - - [08/Jul/2019:00:00:07 -0200] "OPTIONS * HTTP/1.0" 200 - "-" "Apache (internal dummy connection)"
127.0.0.1 - - [08/Jul/2019:00:00:08 -0200] "OPTIONS * HTTP/1.0" 200 - "-" "Apache (internal dummy connection)"
157.52.75.37 107.77.173.2 - [08/Jul/2019:00:00:08 -0200] "GET /pub/static/version1532120011/frontend/custom/theme/it_IT/Core_Checkout/js/view/checkout/minicart/subtotal/totals.min.js HTTP/1.1" 200 252 "https://www.example.com/cms-page2" "Mozilla/5.0 (Linux; Android 8.0.0; SAMSUNG SM-N000U Build/R16NW) AppleWebKit/537.36 (KHTML, like Gecko) SamsungBrowser/9.2 Chrome/67.0.3396.87 Mobile Safari/537.36"
157.52.75.37 107.77.173.2 - [08/Jul/2019:00:00:08 -0200] "GET /pub/static/version1532120011/frontend/custom/theme/it_IT/Core_Captcha/js/view/checkout/loginCaptcha.min.js HTTP/1.1" 200 604 "https://www.example.com/cms-page2" "Mozilla/5.0 (Linux; Android 8.0.0; SAMSUNG SM-N000U Build/R16NW) AppleWebKit/537.36 (KHTML, like Gecko) SamsungBrowser/9.2 Chrome/67.0.3396.87 Mobile Safari/537.36"
157.52.75.37 107.77.173.2 - [08/Jul/2019:00:00:08 -0200] "GET /pub/static/version1532120011/frontend/custom/theme/it_IT/Core_Checkout/js/view/checkout/minicart/subtotal/totals.min.js HTTP/1.1" 200 252 "https://www.example.com/cms-page2" "Mozilla/5.0 (Linux; Android 8.0.0; SAMSUNG SM-N000U Build/R16NW) AppleWebKit/537.36 (KHTML, like Gecko) SamsungBrowser/9.2 Chrome/67.0.3396.87 Mobile Safari/537.36"
157.52.75.37 107.77.173.2 - [08/Jul/2019:00:00:08 -0200] "GET /pub/static/version1532120011/frontend/custom/theme/it_IT/Core_Captcha/js/view/checkout/loginCaptcha.min.js HTTP/1.1" 200 604 "https://www.example.com/cms-page2" "Mozilla/5.0 (Linux; Android 8.0.0; SAMSUNG SM-N000U Build/R16NW) AppleWebKit/537.36 (KHTML, like Gecko) SamsungBrowser/9.2 Chrome/67.0.3396.87 Mobile Safari/537.36"
157.52.75.37 107.77.173.2 - [08/Jul/2019:00:00:09 -0200] "GET /pub/static/version1532120011/frontend/custom/theme/it_IT/Core_Captcha/js/view/checkout/defaultCaptcha.min.js HTTP/1.1" 200 1593 "https://www.example.com/cms-page2" "Mozilla/5.0 (Linux; Android 8.0.0; SAMSUNG SM-N000U Build/R16NW) AppleWebKit/537.36 (KHTML, like Gecko) SamsungBrowser/9.2 Chrome/67.0.3396.87 Mobile Safari/537.36"
157.52.75.37 107.77.173.2 - [08/Jul/2019:00:00:09 -0200] "GET /cstm/sec/load?sections=cart&updsecid=false&_=1562558397031 HTTP/1.1" 200 438 "https://www.example.com/cms-page2" "Mozilla/5.0 (Linux; Android 8.0.0; SAMSUNG SM-N000U Build/R16NW) AppleWebKit/537.36 (KHTML, like Gecko) SamsungBrowser/9.2 Chrome/67.0.3396.87 Mobile Safari/537.36"
157.52.75.37 107.77.173.2 - [08/Jul/2019:00:00:09 -0200] "GET /pub/static/version1532120011/frontend/custom/theme/it_IT/Core_Captcha/template/checkout/captcha.html HTTP/1.1" 200 1825 "https://www.example.com/cms-page2" "Mozilla/5.0 (Linux; Android 8.0.0; SAMSUNG SM-N000U Build/R16NW) AppleWebKit/537.36 (KHTML, like Gecko) SamsungBrowser/9.2 Chrome/67.0.3396.87 Mobile Safari/537.36"
157.52.75.48 194.103.176.80 - [08/Jul/2019:00:00:09 -0200] "GET /product-dsm88-shmoav.html HTTP/1.1" 200 76795 "-" "Mozilla/5.0 (compatible; Googlebot/2.1; +http://www.google.com/bot.html)"
157.52.75.37 107.77.173.2 - [08/Jul/2019:00:00:09 -0200] "GET /pub/static/version1532120011/frontend/custom/theme/it_IT/Core_Captcha/js/view/checkout/defaultCaptcha.min.js HTTP/1.1" 200 1593 "https://www.example.com/cms-page2" "Mozilla/5.0 (Linux; Android 8.0.0; SAMSUNG SM-N000U Build/R16NW) AppleWebKit/537.36 (KHTML, like Gecko) SamsungBrowser/9.2 Chrome/67.0.3396.87 Mobile Safari/537.36"
157.52.75.37 107.77.173.2 - [08/Jul/2019:00:00:09 -0200] "GET /cstm/sec/load?sections=cart&updsecid=false&_=1562558397031 HTTP/1.1" 200 438 "https://www.example.com/cms-page2" "Mozilla/5.0 (Linux; Android 8.0.0; SAMSUNG SM-N000U Build/R16NW) AppleWebKit/537.36 (KHTML, like Gecko) SamsungBrowser/9.2 Chrome/67.0.3396.87 Mobile Safari/537.36"
157.52.75.37 107.77.173.2 - [08/Jul/2019:00:00:09 -0200] "GET /pub/static/version1532120011/frontend/custom/theme/it_IT/Core_Captcha/template/checkout/captcha.html HTTP/1.1" 200 1825 "https://www.example.com/cms-page2" "Mozilla/5.0 (Linux; Android 8.0.0; SAMSUNG SM-N000U Build/R16NW) AppleWebKit/537.36 (KHTML, like Gecko) SamsungBrowser/9.2 Chrome/67.0.3396.87 Mobile Safari/537.36"
157.52.75.48 194.103.176.80 - [08/Jul/2019:00:00:09 -0200] "GET /product-dsm88-shmoav.html HTTP/1.1" 200 76795 "-" "Mozilla/5.0 (compatible; Googlebot/2.1; +http://www.google.com/bot.html)"
127.0.0.1 - - [08/Jul/2019:00:00:09 -0200] "OPTIONS * HTTP/1.0" 200 - "-" "Apache (internal dummy connection)"
127.0.0.1 - - [08/Jul/2019:00:00:10 -0200] "OPTIONS * HTTP/1.0" 200 - "-" "Apache (internal dummy connection)"
157.52.75.43 172.58.139.62 - [08/Jul/2019:00:00:10 -0200] "GET /xfind/autocomp/index?_=1562558203606&cat=203&q=ProductSample&uenc=aHR0cHM6Ly93d3cuY2FiaW5ldHMuY29tL2tpdGNoZW4tY2FiaW5ldHMvZGVlcmZpZWxkLWNvbGxlY3Rpb24vY29sb25pYWwtbWFwbGUtY3JlZWstc3RvbmU%2C HTTP/1.1" 200 15278 "https://www.example.com/main-category/sub-category1/sub-sub-category2?p=37" "Mozilla/5.0 (iPhone; CPU iPhone OS 12_3_1 like Mac OS X) AppleWebKit/605.1.15 (KHTML, like Gecko) Version/12.1.1 Mobile/15E148 Safari/604.1"
157.52.75.43 172.58.139.62 - [08/Jul/2019:00:00:10 -0200] "GET /xfind/autocomp/index?_=1562558203606&cat=203&q=ProductSample&uenc=aHR0cHM6Ly93d3cuY2FiaW5ldHMuY29tL2tpdGNoZW4tY2FiaW5ldHMvZGVlcmZpZWxkLWNvbGxlY3Rpb24vY29sb25pYWwtbWFwbGUtY3JlZWstc3RvbmU%2C HTTP/1.1" 200 15278 "https://www.example.com/main-category/sub-category1/sub-sub-category2?p=37" "Mozilla/5.0 (iPhone; CPU iPhone OS 12_3_1 like Mac OS X) AppleWebKit/605.1.15 (KHTML, like Gecko) Version/12.1.1 Mobile/15E148 Safari/604.1"
157.52.75.27 172.58.139.62 - [08/Jul/2019:00:00:11 -0200] "GET /pub/media/cat/product/cache/3e77be04cbebee9a78c36321b24b6eea/s/b/sb33-cs.png HTTP/1.1" 200 6968 "https://www.example.com/main-category/sub-category1/sub-sub-category2?p=37" "Mozilla/5.0 (iPhone; CPU iPhone OS 12_3_1 like Mac OS X) AppleWebKit/605.1.15 (KHTML, like Gecko) Version/12.1.1 Mobile/15E148 Safari/604.1"
157.52.75.62 172.58.139.62 - [08/Jul/2019:00:00:11 -0200] "GET /pub/media/cat/product/cache/3e77be04cbebee9a78c36321b24b6eea/s/b/sb24-cs.png HTTP/1.1" 200 6976 "https://www.example.com/main-category/sub-category1/sub-sub-category2?p=37" "Mozilla/5.0 (iPhone; CPU iPhone OS 12_3_1 like Mac OS X) AppleWebKit/605.1.15 (KHTML, like Gecko) Version/12.1.1 Mobile/15E148 Safari/604.1"
157.52.75.57 172.58.139.62 - [08/Jul/2019:00:00:11 -0200] "GET /pub/media/cat/product/cache/3e77be04cbebee9a78c36321b24b6eea/s/b/sb27-cs.png HTTP/1.1" 200 6961 "https://www.example.com/main-category/sub-category1/sub-sub-category2?p=37" "Mozilla/5.0 (iPhone; CPU iPhone OS 12_3_1 like Mac OS X) AppleWebKit/605.1.15 (KHTML, like Gecko) Version/12.1.1 Mobile/15E148 Safari/604.1"
157.52.75.64 172.58.139.62 - [08/Jul/2019:00:00:11 -0200] "GET /pub/media/cat/product/cache/3e77be04cbebee9a78c36321b24b6eea/s/b/sb30-cs.png HTTP/1.1" 200 6961 "https://www.example.com/main-category/sub-category1/sub-sub-category2?p=37" "Mozilla/5.0 (iPhone; CPU iPhone OS 12_3_1 like Mac OS X) AppleWebKit/605.1.15 (KHTML, like Gecko) Version/12.1.1 Mobile/15E148 Safari/604.1"
157.52.75.27 172.58.139.62 - [08/Jul/2019:00:00:11 -0200] "GET /pub/media/cat/product/cache/3e77be04cbebee9a78c36321b24b6eea/s/b/sb33-cs.png HTTP/1.1" 200 6968 "https://www.example.com/main-category/sub-category1/sub-sub-category2?p=37" "Mozilla/5.0 (iPhone; CPU iPhone OS 12_3_1 like Mac OS X) AppleWebKit/605.1.15 (KHTML, like Gecko) Version/12.1.1 Mobile/15E148 Safari/604.1"
157.52.75.62 172.58.139.62 - [08/Jul/2019:00:00:11 -0200] "GET /pub/media/cat/product/cache/3e77be04cbebee9a78c36321b24b6eea/s/b/sb24-cs.png HTTP/1.1" 200 6976 "https://www.example.com/main-category/sub-category1/sub-sub-category2?p=37" "Mozilla/5.0 (iPhone; CPU iPhone OS 12_3_1 like Mac OS X) AppleWebKit/605.1.15 (KHTML, like Gecko) Version/12.1.1 Mobile/15E148 Safari/604.1"
157.52.75.57 172.58.139.62 - [08/Jul/2019:00:00:11 -0200] "GET /pub/media/cat/product/cache/3e77be04cbebee9a78c36321b24b6eea/s/b/sb27-cs.png HTTP/1.1" 200 6961 "https://www.example.com/main-category/sub-category1/sub-sub-category2?p=37" "Mozilla/5.0 (iPhone; CPU iPhone OS 12_3_1 like Mac OS X) AppleWebKit/605.1.15 (KHTML, like Gecko) Version/12.1.1 Mobile/15E148 Safari/604.1"
157.52.75.64 172.58.139.62 - [08/Jul/2019:00:00:11 -0200] "GET /pub/media/cat/product/cache/3e77be04cbebee9a78c36321b24b6eea/s/b/sb30-cs.png HTTP/1.1" 200 6961 "https://www.example.com/main-category/sub-category1/sub-sub-category2?p=37" "Mozilla/5.0 (iPhone; CPU iPhone OS 12_3_1 like Mac OS X) AppleWebKit/605.1.15 (KHTML, like Gecko) Version/12.1.1 Mobile/15E148 Safari/604.1"
127.0.0.1 - - [08/Jul/2019:00:00:12 -0200] "GET /pub/health_check.php HTTP/1.1" 200 - "-" "-"
157.52.75.75 130.93.253.236, 157.52.99.44 - [08/Jul/2019:00:00:13 -0200] "GET /main-category/sub-category1/sub-sub-category1?wc=67 HTTP/1.1" 200 121746 "https://www.example.com/main-category/sub-category1/sub-sub-category1" "Mozilla/5.0 (iPhone; CPU iPhone OS 12_3_1 like Mac OS X) AppleWebKit/605.1.15 (KHTML, like Gecko) Version/12.1.1 Mobile/15E148 Safari/604.1"
157.52.75.60 172.58.139.62 - [08/Jul/2019:00:00:12 -0200] "GET /catsrch/res/?q=ProductSample&cat=203 HTTP/1.1" 200 115116 "https://www.example.com/main-category/sub-category1/sub-sub-category2?p=37" "Mozilla/5.0 (iPhone; CPU iPhone OS 12_3_1 like Mac OS X) AppleWebKit/605.1.15 (KHTML, like Gecko) Version/12.1.1 Mobile/15E148 Safari/604.1"
157.52.75.75 130.93.253.236, 157.52.99.44 - [08/Jul/2019:00:00:13 -0200] "GET /main-category/sub-category1/sub-sub-category1?wc=67 HTTP/1.1" 200 121746 "https://www.example.com/main-category/sub-category1/sub-sub-category1" "Mozilla/5.0 (iPhone; CPU iPhone OS 12_3_1 like Mac OS X) AppleWebKit/605.1.15 (KHTML, like Gecko) Version/12.1.1 Mobile/15E148 Safari/604.1"
157.52.75.60 172.58.139.62 - [08/Jul/2019:00:00:12 -0200] "GET /catsrch/res/?q=ProductSample&cat=203 HTTP/1.1" 200 115116 "https://www.example.com/main-category/sub-category1/sub-sub-category2?p=37" "Mozilla/5.0 (iPhone; CPU iPhone OS 12_3_1 like Mac OS X) AppleWebKit/605.1.15 (KHTML, like Gecko) Version/12.1.1 Mobile/15E148 Safari/604.1"
157.52.93.45 135.37.17.253 - [08/Jul/2019:00:00:14 -0200] "GET /cstm/sec/load?sections=directory-data&updsecid=false&_=1562558416006 HTTP/1.1" 200 2641 "https://www.example.com/" "Mozilla/5.0 (Windows NT 10.0; Win64; x64; rv:67.0) Gecko/20100101 Firefox/67.0"
157.52.75.60 172.58.139.62 - [08/Jul/2019:00:00:14 -0200] "GET /pub/static/version1532120011/frontend/custom/theme/it_IT/Custom_SCart/js/catsrch/ress/add-prod-2-cart.min.js HTTP/1.1" 200 557 "https://www.example.com/catsrch/res/?q=ProductSample&cat=203" "Mozilla/5.0 (iPhone; CPU iPhone OS 12_3_1 like Mac OS X) AppleWebKit/605.1.15 (KHTML, like Gecko) Version/12.1.1 Mobile/15E148 Safari/604.1"
157.52.79.42 174.193.172.129 - [08/Jul/2019:00:00:14 -0200] "GET /cstm/sec/load?sections=messages%2Cconnct%2Crdmpn%2Cbta%2Ccart-fddl%2Cwebform%2Cbrowse-fddl&updsecid=true&_=1562557868945 HTTP/1.1" 200 785 "https://www.example.com/gall?param1=sh2" "Mozilla/5.0 (Linux; Android 9; SM-N000U) AppleWebKit/537.36 (KHTML, like Gecko) Chrome/75.0.3770.101 Mobile Safari/537.36"
157.52.93.45 135.37.17.253 - [08/Jul/2019:00:00:14 -0200] "GET /cstm/sec/load?sections=cart&updsecid=false&_=1562558416007 HTTP/1.1" 200 438 "https://www.example.com/" "Mozilla/5.0 (Windows NT 10.0; Win64; x64; rv:67.0) Gecko/20100101 Firefox/67.0"
157.52.75.60 172.58.139.62 - [08/Jul/2019:00:00:14 -0200] "GET /catsrch/res/?q=ProductSample&cat=203&p=2&iscll=1&_=1562558414731 HTTP/1.1" 200 52316 "https://www.example.com/catsrch/res/?q=ProductSample&cat=203" "Mozilla/5.0 (iPhone; CPU iPhone OS 12_3_1 like Mac OS X) AppleWebKit/605.1.15 (KHTML, like Gecko) Version/12.1.1 Mobile/15E148 Safari/604.1"
157.52.93.45 135.37.17.253 - [08/Jul/2019:00:00:14 -0200] "GET /cstm/sec/load?sections=directory-data&updsecid=false&_=1562558416006 HTTP/1.1" 200 2641 "https://www.example.com/" "Mozilla/5.0 (Windows NT 10.0; Win64; x64; rv:67.0) Gecko/20100101 Firefox/67.0"
157.52.75.60 172.58.139.62 - [08/Jul/2019:00:00:14 -0200] "GET /pub/static/version1532120011/frontend/custom/theme/it_IT/Custom_SCart/js/catsrch/ress/add-prod-2-cart.min.js HTTP/1.1" 200 557 "https://www.example.com/catsrch/res/?q=ProductSample&cat=203" "Mozilla/5.0 (iPhone; CPU iPhone OS 12_3_1 like Mac OS X) AppleWebKit/605.1.15 (KHTML, like Gecko) Version/12.1.1 Mobile/15E148 Safari/604.1"
157.52.79.42 174.193.172.129 - [08/Jul/2019:00:00:14 -0200] "GET /cstm/sec/load?sections=messages%2Cconnct%2Crdmpn%2Cbta%2Ccart-fddl%2Cwebform%2Cbrowse-fddl&updsecid=true&_=1562557868945 HTTP/1.1" 200 785 "https://www.example.com/gall?param1=sh2" "Mozilla/5.0 (Linux; Android 9; SM-N000U) AppleWebKit/537.36 (KHTML, like Gecko) Chrome/75.0.3770.101 Mobile Safari/537.36"
157.52.93.45 135.37.17.253 - [08/Jul/2019:00:00:14 -0200] "GET /cstm/sec/load?sections=cart&updsecid=false&_=1562558416007 HTTP/1.1" 200 438 "https://www.example.com/" "Mozilla/5.0 (Windows NT 10.0; Win64; x64; rv:67.0) Gecko/20100101 Firefox/67.0"
157.52.75.60 172.58.139.62 - [08/Jul/2019:00:00:14 -0200] "GET /catsrch/res/?q=ProductSample&cat=203&p=2&iscll=1&_=1562558414731 HTTP/1.1" 200 52316 "https://www.example.com/catsrch/res/?q=ProductSample&cat=203" "Mozilla/5.0 (iPhone; CPU iPhone OS 12_3_1 like Mac OS X) AppleWebKit/605.1.15 (KHTML, like Gecko) Version/12.1.1 Mobile/15E148 Safari/604.1"
157.52.75.60 172.58.139.62 - [08/Jul/2019:00:00:15 -0200] "GET /pub/static/version1532120011/frontend/custom/theme/it_IT/Core_Captcha/template/checkout/captcha.html HTTP/1.1" 200 1825 "https://www.example.com/catsrch/res/?q=ProductSample&cat=203" "Mozilla/5.0 (iPhone; CPU iPhone OS 12_3_1 like Mac OS X) AppleWebKit/605.1.15 (KHTML, like Gecko) Version/12.1.1 Mobile/15E148 Safari/604.1"
157.52.75.61 173.198.181.27, 157.52.67.36 - [08/Jul/2019:00:00:14 -0200] "GET /main-category/sub-category1/sub-sub-category3?category200=471 HTTP/1.1" 200 116393 "https://www.example.com/main-category/sub-category1/sub-sub-category3" "Mozilla/5.0 (Windows NT 10.0; Win64; x64) AppleWebKit/537.36 (KHTML, like Gecko) Chrome/75.11.3880.102 Safari/77.390"
157.52.75.68 130.93.253.236, 157.52.99.37 - [08/Jul/2019:00:00:15 -0200] "GET /main-category/sub-category1/sub-sub-category1?_=1562558415402&iscll=1&p=2&wc=67 HTTP/1.1" 200 54654 "https://www.example.com/main-category/sub-category1/sub-sub-category1?wc=67" "Mozilla/5.0 (iPhone; CPU iPhone OS 12_3_1 like Mac OS X) AppleWebKit/605.1.15 (KHTML, like Gecko) Version/12.1.1 Mobile/15E148 Safari/604.1"
157.52.75.60 172.58.139.62 - [08/Jul/2019:00:00:15 -0200] "GET /pub/static/version1532120011/frontend/custom/theme/it_IT/Core_Captcha/template/checkout/captcha.html HTTP/1.1" 200 1825 "https://www.example.com/catsrch/res/?q=ProductSample&cat=203" "Mozilla/5.0 (iPhone; CPU iPhone OS 12_3_1 like Mac OS X) AppleWebKit/605.1.15 (KHTML, like Gecko) Version/12.1.1 Mobile/15E148 Safari/604.1"
157.52.75.61 173.198.181.27, 157.52.67.36 - [08/Jul/2019:00:00:14 -0200] "GET /main-category/sub-category1/sub-sub-category3?category200=471 HTTP/1.1" 200 116393 "https://www.example.com/main-category/sub-category1/sub-sub-category3" "Mozilla/5.0 (Windows NT 10.0; Win64; x64) AppleWebKit/537.36 (KHTML, like Gecko) Chrome/75.11.3880.102 Safari/77.390"
157.52.75.68 130.93.253.236, 157.52.99.37 - [08/Jul/2019:00:00:15 -0200] "GET /main-category/sub-category1/sub-sub-category1?_=1562558415402&iscll=1&p=2&wc=67 HTTP/1.1" 200 54654 "https://www.example.com/main-category/sub-category1/sub-sub-category1?wc=67" "Mozilla/5.0 (iPhone; CPU iPhone OS 12_3_1 like Mac OS X) AppleWebKit/605.1.15 (KHTML, like Gecko) Version/12.1.1 Mobile/15E148 Safari/604.1"
157.52.75.27 163.116.133.120 - [08/Jul/2019:00:00:16 -0200] "GET /cstm/sec/load?sections=messages%2Cconnct%2Crdmpn%2Cbta%2Ccart-fddl%2Cwebform%2Cbrowse-fddl&updsecid=true&_=1562554118348 HTTP/1.1" 200 785 "https://www.example.com/terms" "Mozilla/5.0 (Windows NT 10.0; Win64; x64; rv:67.0) Gecko/20100101 Firefox/67.0"
157.52.79.71 135.38.18.253 - [08/Jul/2019:00:00:16 -0200] "GET /cstm/sec/load?sections=messages%2Cconnct%2Crdmpn%2Cbta%2Ccart-fddl%2Cwebform%2Cbrowse-fddl&updsecid=true&_=1562543834935 HTTP/1.1" 200 555 "https://www.example.com/checkout/1page/success" "Mozilla/5.0 (Windows NT 6.3; Win64; x64) AppleWebKit/537.36 (KHTML, like Gecko) Chrome/74.0.3729.169 Safari/537.36"
157.52.98.45 126.78.56.253 - [08/Jul/2019:00:00:16 -0200] "GET /cstm/sec/load?sections=messages%2Cconnct%2Crdmpn%2Cbta%2Ccart-fddl%2Cwebform%2Cbrowse-fddl&updsecid=true&_=1562556613867 HTTP/1.1" 200 555 "https://www.example.com/checkout/1page/success" "Mozilla/5.0 (Windows NT 6.1; Win64; x64; rv:67.0) Gecko/20100101 Firefox/67.0"
157.52.75.27 163.116.133.120 - [08/Jul/2019:00:00:16 -0200] "GET /cstm/sec/load?sections=messages%2Cconnct%2Crdmpn%2Cbta%2Ccart-fddl%2Cwebform%2Cbrowse-fddl&updsecid=true&_=1562554118348 HTTP/1.1" 200 785 "https://www.example.com/terms" "Mozilla/5.0 (Windows NT 10.0; Win64; x64; rv:67.0) Gecko/20100101 Firefox/67.0"
157.52.79.71 135.38.18.253 - [08/Jul/2019:00:00:16 -0200] "GET /cstm/sec/load?sections=messages%2Cconnct%2Crdmpn%2Cbta%2Ccart-fddl%2Cwebform%2Cbrowse-fddl&updsecid=true&_=1562543834935 HTTP/1.1" 200 555 "https://www.example.com/checkout/1page/success" "Mozilla/5.0 (Windows NT 6.3; Win64; x64) AppleWebKit/537.36 (KHTML, like Gecko) Chrome/74.0.3729.169 Safari/537.36"
157.52.98.45 126.78.56.253 - [08/Jul/2019:00:00:16 -0200] "GET /cstm/sec/load?sections=messages%2Cconnct%2Crdmpn%2Cbta%2Ccart-fddl%2Cwebform%2Cbrowse-fddl&updsecid=true&_=1562556613867 HTTP/1.1" 200 555 "https://www.example.com/checkout/1page/success" "Mozilla/5.0 (Windows NT 6.1; Win64; x64; rv:67.0) Gecko/20100101 Firefox/67.0"
157.52.75.53 24.192.225.36 - [08/Jul/2019:00:00:17 -0200] "GET /cstm/sec/load?sections=cart&updsecid=false&_=1562558417230 HTTP/1.1" 200 438 "https://www.example.com/main-category" "Mozilla/5.0 (iPhone; CPU iPhone OS 12_3_1 like Mac OS X) AppleWebKit/605.1.15 (KHTML, like Gecko) Version/12.1.1 Mobile/15E148 Safari/604.1"
157.52.75.53 24.192.225.36 - [08/Jul/2019:00:00:17 -0200] "GET /cstm/sec/load?sections=cart&updsecid=false&_=1562558417230 HTTP/1.1" 200 438 "https://www.example.com/main-category" "Mozilla/5.0 (iPhone; CPU iPhone OS 12_3_1 like Mac OS X) AppleWebKit/605.1.15 (KHTML, like Gecko) Version/12.1.1 Mobile/15E148 Safari/604.1"
127.0.0.1 - - [08/Jul/2019:00:00:17 -0200] "GET /pub/health_check.php HTTP/1.1" 200 - "-" "-"
104.156.87.35 138.163.106.71 - [08/Jul/2019:00:00:18 -0200] "GET /cstm/sec/load?sections=messages%2Cconnct%2Crdmpn%2Cbta%2Ccart-fddl%2Cwebform%2Cbrowse-fddl&updsecid=true&_=1562345498419 HTTP/1.1" 200 785 "https://www.example.com/product-bwr24-sh2-msw-rbc-da-kc.html" "Mozilla/5.0 (Windows NT 10.0; Win64; x64) AppleWebKit/537.36 (KHTML, like Gecko) Chrome/75.0.3770.80 Safari/537.36"
157.52.75.72 175.93.156.209 - [08/Jul/2019:00:00:18 -0200] "GET /pub/media/cat/category/d-sh2-mbw@2x.jpg HTTP/1.1" 404 619 "https://www.example.com/main-category/sub-category1/sub-sub-category6" "Mozilla/5.0 (iPhone; CPU iPhone OS 12_3_1 like Mac OS X) AppleWebKit/605.1.15 (KHTML, like Gecko) Version/12.1.1 Mobile/15E148 Safari/604.1"
157.52.75.53 24.192.225.36 - [08/Jul/2019:00:00:18 -0200] "GET /pub/static/version1532120011/frontend/custom/theme/it_IT/Core_Captcha/template/checkout/captcha.html HTTP/1.1" 200 1825 "https://www.example.com/main-category" "Mozilla/5.0 (iPhone; CPU iPhone OS 12_3_1 like Mac OS X) AppleWebKit/605.1.15 (KHTML, like Gecko) Version/12.1.1 Mobile/15E148 Safari/604.1"
157.52.75.58 173.198.181.27, 157.52.67.48 - [08/Jul/2019:00:00:18 -0200] "GET /main-category/sub-category1/sub-sub-category3?_=1562558418998&category200=471&iscll=1&p=2 HTTP/1.1" 200 20528 "https://www.example.com/main-category/sub-category1/sub-sub-category3?category200=471" "Mozilla/5.0 (Windows NT 10.0; Win64; x64) AppleWebKit/537.36 (KHTML, like Gecko) Chrome/75.11.3880.102 Safari/77.390"
157.52.75.24 175.93.156.209 - [08/Jul/2019:00:00:18 -0200] "GET /main-category/sub-category1/sub-sub-category6?_=1562558418487&iscll=1&p=2 HTTP/1.1" 200 50824 "https://www.example.com/main-category/sub-category1/sub-sub-category6" "Mozilla/5.0 (iPhone; CPU iPhone OS 12_3_1 like Mac OS X) AppleWebKit/605.1.15 (KHTML, like Gecko) Version/12.1.1 Mobile/15E148 Safari/604.1"
104.156.87.35 138.163.106.71 - [08/Jul/2019:00:00:18 -0200] "GET /cstm/sec/load?sections=messages%2Cconnct%2Crdmpn%2Cbta%2Ccart-fddl%2Cwebform%2Cbrowse-fddl&updsecid=true&_=1562345498419 HTTP/1.1" 200 785 "https://www.example.com/product-bwr24-sh2-msw-rbc-da-kc.html" "Mozilla/5.0 (Windows NT 10.0; Win64; x64) AppleWebKit/537.36 (KHTML, like Gecko) Chrome/75.0.3770.80 Safari/537.36"
157.52.75.72 175.93.156.209 - [08/Jul/2019:00:00:18 -0200] "GET /pub/media/cat/category/d-sh2-mbw@2x.jpg HTTP/1.1" 404 619 "https://www.example.com/main-category/sub-category1/sub-sub-category6" "Mozilla/5.0 (iPhone; CPU iPhone OS 12_3_1 like Mac OS X) AppleWebKit/605.1.15 (KHTML, like Gecko) Version/12.1.1 Mobile/15E148 Safari/604.1"
157.52.75.53 24.192.225.36 - [08/Jul/2019:00:00:18 -0200] "GET /pub/static/version1532120011/frontend/custom/theme/it_IT/Core_Captcha/template/checkout/captcha.html HTTP/1.1" 200 1825 "https://www.example.com/main-category" "Mozilla/5.0 (iPhone; CPU iPhone OS 12_3_1 like Mac OS X) AppleWebKit/605.1.15 (KHTML, like Gecko) Version/12.1.1 Mobile/15E148 Safari/604.1"
157.52.75.58 173.198.181.27, 157.52.67.48 - [08/Jul/2019:00:00:18 -0200] "GET /main-category/sub-category1/sub-sub-category3?_=1562558418998&category200=471&iscll=1&p=2 HTTP/1.1" 200 20528 "https://www.example.com/main-category/sub-category1/sub-sub-category3?category200=471" "Mozilla/5.0 (Windows NT 10.0; Win64; x64) AppleWebKit/537.36 (KHTML, like Gecko) Chrome/75.11.3880.102 Safari/77.390"
157.52.75.24 175.93.156.209 - [08/Jul/2019:00:00:18 -0200] "GET /main-category/sub-category1/sub-sub-category6?_=1562558418487&iscll=1&p=2 HTTP/1.1" 200 50824 "https://www.example.com/main-category/sub-category1/sub-sub-category6" "Mozilla/5.0 (iPhone; CPU iPhone OS 12_3_1 like Mac OS X) AppleWebKit/605.1.15 (KHTML, like Gecko) Version/12.1.1 Mobile/15E148 Safari/604.1"
157.52.75.61 175.93.156.209 - [08/Jul/2019:00:00:19 -0200] "GET /pub/static/version1532120011/frontend/custom/theme/it_IT/Core_Captcha/template/checkout/captcha.html HTTP/1.1" 200 1825 "https://www.example.com/main-category/sub-category1/sub-sub-category6" "Mozilla/5.0 (iPhone; CPU iPhone OS 12_3_1 like Mac OS X) AppleWebKit/605.1.15 (KHTML, like Gecko) Version/12.1.1 Mobile/15E148 Safari/604.1"
157.52.75.61 175.93.156.209 - [08/Jul/2019:00:00:19 -0200] "GET /pub/static/version1532120011/frontend/custom/theme/it_IT/Core_Captcha/template/checkout/captcha.html HTTP/1.1" 200 1825 "https://www.example.com/main-category/sub-category1/sub-sub-category6" "Mozilla/5.0 (iPhone; CPU iPhone OS 12_3_1 like Mac OS X) AppleWebKit/605.1.15 (KHTML, like Gecko) Version/12.1.1 Mobile/15E148 Safari/604.1"
157.52.98.46 130.93.253.236 - [08/Jul/2019:00:00:20 -0200] "GET /pub/static/version1532120011/frontend/custom/theme/it_IT/Core_Captcha/template/checkout/captcha.html HTTP/1.1" 200 1825 "https://www.example.com/main-category/sub-category1/sub-sub-category1?wc=67" "Mozilla/5.0 (iPhone; CPU iPhone OS 12_3_1 like Mac OS X) AppleWebKit/605.1.15 (KHTML, like Gecko) Version/12.1.1 Mobile/15E148 Safari/604.1"
157.52.98.46 130.93.253.236 - [08/Jul/2019:00:00:20 -0200] "GET /cstm/sec/load?sections=messages%2Cconnct%2Crdmpn%2Cbta%2Ccart-fddl%2Cwebform%2Cbrowse-fddl&updsecid=true&_=1562558414330 HTTP/1.1" 200 785 "https://www.example.com/main-category/sub-category1/sub-sub-category1?wc=67" "Mozilla/5.0 (iPhone; CPU iPhone OS 12_3_1 like Mac OS X) AppleWebKit/605.1.15 (KHTML, like Gecko) Version/12.1.1 Mobile/15E148 Safari/604.1"
157.52.98.46 130.93.253.236 - [08/Jul/2019:00:00:20 -0200] "GET /pub/static/version1532120011/frontend/custom/theme/it_IT/Core_Captcha/template/checkout/captcha.html HTTP/1.1" 200 1825 "https://www.example.com/main-category/sub-category1/sub-sub-category1?wc=67" "Mozilla/5.0 (iPhone; CPU iPhone OS 12_3_1 like Mac OS X) AppleWebKit/605.1.15 (KHTML, like Gecko) Version/12.1.1 Mobile/15E148 Safari/604.1"
157.52.98.46 130.93.253.236 - [08/Jul/2019:00:00:20 -0200] "GET /cstm/sec/load?sections=messages%2Cconnct%2Crdmpn%2Cbta%2Ccart-fddl%2Cwebform%2Cbrowse-fddl&updsecid=true&_=1562558414330 HTTP/1.1" 200 785 "https://www.example.com/main-category/sub-category1/sub-sub-category1?wc=67" "Mozilla/5.0 (iPhone; CPU iPhone OS 12_3_1 like Mac OS X) AppleWebKit/605.1.15 (KHTML, like Gecko) Version/12.1.1 Mobile/15E148 Safari/604.1"
157.52.75.69 121.79.80.29, 157.52.79.78 - [08/Jul/2019:00:00:21 -0200] "GET /product-tk8-smawbtk.html HTTP/1.1" 200 77225 "https://www.example.com/product-sb33-smawsbc2bd1fddakc.html" "Mozilla/5.0 (X11; CrOS x86_64 12105.75.0) AppleWebKit/537.36 (KHTML, like Gecko) Chrome/75.0.3770.102 Safari/537.36"
157.52.75.69 121.79.80.29, 157.52.79.78 - [08/Jul/2019:00:00:21 -0200] "GET /product-tk8-smawbtk.html HTTP/1.1" 200 77225 "https://www.example.com/product-sb33-smawsbc2bd1fddakc.html" "Mozilla/5.0 (X11; CrOS x86_64 12105.75.0) AppleWebKit/537.36 (KHTML, like Gecko) Chrome/75.0.3770.102 Safari/537.36"
127.0.0.1 - - [08/Jul/2019:00:00:22 -0200] "GET /pub/health_check.php HTTP/1.1" 200 - "-" "-"
157.52.93.27 198.57.5.138 - [08/Jul/2019:00:00:23 -0200] "GET /cstm/sec/load?sections=messages%2Cconnct%2Crdmpn%2Cbta%2Ccart-fddl%2Cwebform%2Cbrowse-fddl&updsecid=true&_=1562537443618 HTTP/1.1" 200 785 "https://www.example.com/gall/farmhouse-style-two-toned-kitchen-with-custom-brick-hood" "Mozilla/5.0 (X11; Ubuntu; Linux x86_64; rv:67.0) Gecko/20100101 Firefox/67.0"
157.52.93.27 198.57.5.138 - [08/Jul/2019:00:00:23 -0200] "GET /cstm/sec/load?sections=messages%2Cconnct%2Crdmpn%2Cbta%2Ccart-fddl%2Cwebform%2Cbrowse-fddl&updsecid=true&_=1562537443618 HTTP/1.1" 200 785 "https://www.example.com/gall/farmhouse-style-two-toned-kitchen-with-custom-brick-hood" "Mozilla/5.0 (X11; Ubuntu; Linux x86_64; rv:67.0) Gecko/20100101 Firefox/67.0"
157.52.75.53 108.80.118.147, 157.52.77.34 - [08/Jul/2019:00:00:24 -0200] "GET /main-category/sub-category2/sub-sub-category7?_=1562558374672&iscll=1&p=7 HTTP/1.1" 200 52649 "https://www.example.com/main-category/sub-category2/sub-sub-category7?p=2" "Mozilla/5.0 (Linux; Android 15; Pixel 4) AppleWebKit/537.36 (KHTML, like Gecko) Chrome/75.0.3770.101 Mobile Safari/537.36"
157.52.75.53 108.80.118.147, 157.52.77.34 - [08/Jul/2019:00:00:24 -0200] "GET /main-category/sub-category2/sub-sub-category7?_=1562558374672&iscll=1&p=7 HTTP/1.1" 200 52649 "https://www.example.com/main-category/sub-category2/sub-sub-category7?p=2" "Mozilla/5.0 (Linux; Android 15; Pixel 4) AppleWebKit/537.36 (KHTML, like Gecko) Chrome/75.0.3770.101 Mobile Safari/537.36"
157.52.79.50 121.79.80.29 - [08/Jul/2019:00:00:25 -0200] "GET /cstm/sec/load?sections=messages%2Cconnct%2Crdmpn%2Cbta%2Ccart-fddl%2Cwebform%2Cbrowse-fddl&updsecid=true&_=1562558421061 HTTP/1.1" 200 785 "https://www.example.com/product-tk8-smawbtk.html" "Mozilla/5.0 (X11; CrOS x86_64 12105.75.0) AppleWebKit/537.36 (KHTML, like Gecko) Chrome/75.0.3770.102 Safari/537.36"
157.52.79.50 121.79.80.29 - [08/Jul/2019:00:00:25 -0200] "GET /cstm/sec/load?sections=messages%2Cconnct%2Crdmpn%2Cbta%2Ccart-fddl%2Cwebform%2Cbrowse-fddl&updsecid=true&_=1562558421061 HTTP/1.1" 200 785 "https://www.example.com/product-tk8-smawbtk.html" "Mozilla/5.0 (X11; CrOS x86_64 12105.75.0) AppleWebKit/537.36 (KHTML, like Gecko) Chrome/75.0.3770.102 Safari/537.36"
157.52.79.71 135.38.18.253 - [08/Jul/2019:00:00:26 -0200] "GET /cstm/sec/load?sections=messages%2Cconnct%2Crdmpn%2Cbta%2Ccart-fddl%2Cwebform%2Cbrowse-fddl&updsecid=true&_=1562543834936 HTTP/1.1" 200 555 "https://www.example.com/checkout/1page/success" "Mozilla/5.0 (Windows NT 6.3; Win64; x64) AppleWebKit/537.36 (KHTML, like Gecko) Chrome/74.0.3729.169 Safari/537.36"
157.52.98.45 126.78.56.253 - [08/Jul/2019:00:00:26 -0200] "GET /cstm/sec/load?sections=messages%2Cconnct%2Crdmpn%2Cbta%2Ccart-fddl%2Cwebform%2Cbrowse-fddl&updsecid=true&_=1562556613868 HTTP/1.1" 200 555 "https://www.example.com/checkout/1page/success" "Mozilla/5.0 (Windows NT 6.1; Win64; x64; rv:67.0) Gecko/20100101 Firefox/67.0"
157.52.79.71 135.38.18.253 - [08/Jul/2019:00:00:26 -0200] "GET /cstm/sec/load?sections=messages%2Cconnct%2Crdmpn%2Cbta%2Ccart-fddl%2Cwebform%2Cbrowse-fddl&updsecid=true&_=1562543834936 HTTP/1.1" 200 555 "https://www.example.com/checkout/1page/success" "Mozilla/5.0 (Windows NT 6.3; Win64; x64) AppleWebKit/537.36 (KHTML, like Gecko) Chrome/74.0.3729.169 Safari/537.36"
157.52.98.45 126.78.56.253 - [08/Jul/2019:00:00:26 -0200] "GET /cstm/sec/load?sections=messages%2Cconnct%2Crdmpn%2Cbta%2Ccart-fddl%2Cwebform%2Cbrowse-fddl&updsecid=true&_=1562556613868 HTTP/1.1" 200 555 "https://www.example.com/checkout/1page/success" "Mozilla/5.0 (Windows NT 6.1; Win64; x64; rv:67.0) Gecko/20100101 Firefox/67.0"
127.0.0.1 - - [08/Jul/2019:00:00:26 -0200] "OPTIONS * HTTP/1.0" 200 - "-" "Apache (internal dummy connection)"
127.0.0.1 - - [08/Jul/2019:00:00:27 -0200] "GET /pub/health_check.php HTTP/1.1" 200 - "-" "-"
199.27.79.24 72.49.139.87 - [08/Jul/2019:00:00:27 -0200] "GET /cstm/sec/load?sections=messages%2Cconnct%2Crdmpn%2Cbta%2Ccart-fddl%2Cwebform%2Cbrowse-fddl&updsecid=true&_=1562538443370 HTTP/1.1" 200 785 "https://www.example.com/checkout" "Mozilla/5.0 (Windows NT 6.1; Win64; x64) AppleWebKit/537.36 (KHTML, like Gecko) Chrome/75.11.3880.102 Safari/77.390"
157.52.75.60 194.103.176.80 - [08/Jul/2019:00:00:26 -0200] "GET /product-df42-fcasgsdb.html HTTP/1.1" 200 79458 "-" "Mozilla/5.0 (Linux; Android 6.0.1; Nexus 5X Build/MMB29P) AppleWebKit/537.36 (KHTML, like Gecko) Chrome/41.0.2272.96 Mobile Safari/537.36 (compatible; Googlebot/2.1; +http://www.google.com/bot.html)"
157.52.75.43 205.66.102.50, 104.156.90.20 - [08/Jul/2019:00:00:27 -0200] "GET /pub/media/cat/category/cord-shmwg@2x.jpg HTTP/1.1" 404 619 "https://www.example.com/main-category/sub-category2/sub-sub-category8?utm_medium=xxxx&utm_source=bing&utm_campaign=xxx%20-%20ssss%20-%20xxx&utm_content=www%202222%20-%20ssas&matchtype=e&utm_term=&adid=81501341144254&addisttype=spla&prodsku=s90d&msclkid=b0a822d634191a251aab7ff48b3eb1bc" "Mozilla/5.0 (iPhone; CPU iPhone OS 13_3 like Mac OS X) AppleWebKit/605.1.15 (KHTML, like Gecko) Version/12.1 Mobile/15E148 Safari/604.1"
157.52.75.43 24.116.54.171, 157.52.67.26 - [08/Jul/2019:00:00:27 -0200] "GET /main-category/sub-category1/sub-sub-category299?_=1562557105777&iscll=1&p=3 HTTP/1.1" 200 52491 "https://www.example.com/main-category/sub-category1/sub-sub-category299" "Mozilla/5.0 (Macintosh; Intel Mac OS X 10_14_5) AppleWebKit/537.36 (KHTML, like Gecko) Chrome/75.11.3880.102 Safari/77.390"
199.27.79.24 72.49.139.87 - [08/Jul/2019:00:00:27 -0200] "GET /cstm/sec/load?sections=messages%2Cconnct%2Crdmpn%2Cbta%2Ccart-fddl%2Cwebform%2Cbrowse-fddl&updsecid=true&_=1562538443370 HTTP/1.1" 200 785 "https://www.example.com/checkout" "Mozilla/5.0 (Windows NT 6.1; Win64; x64) AppleWebKit/537.36 (KHTML, like Gecko) Chrome/75.11.3880.102 Safari/77.390"
157.52.75.60 194.103.176.80 - [08/Jul/2019:00:00:26 -0200] "GET /product-df42-fcasgsdb.html HTTP/1.1" 200 79458 "-" "Mozilla/5.0 (Linux; Android 6.0.1; Nexus 5X Build/MMB29P) AppleWebKit/537.36 (KHTML, like Gecko) Chrome/41.0.2272.96 Mobile Safari/537.36 (compatible; Googlebot/2.1; +http://www.google.com/bot.html)"
157.52.75.43 205.66.102.50, 104.156.90.20 - [08/Jul/2019:00:00:27 -0200] "GET /pub/media/cat/category/cord-shmwg@2x.jpg HTTP/1.1" 404 619 "https://www.example.com/main-category/sub-category2/sub-sub-category8?utm_medium=xxxx&utm_source=bing&utm_campaign=xxx%20-%20ssss%20-%20xxx&utm_content=www%202222%20-%20ssas&matchtype=e&utm_term=&adid=81501341144254&addisttype=spla&prodsku=s90d&msclkid=b0a822d634191a251aab7ff48b3eb1bc" "Mozilla/5.0 (iPhone; CPU iPhone OS 13_3 like Mac OS X) AppleWebKit/605.1.15 (KHTML, like Gecko) Version/12.1 Mobile/15E148 Safari/604.1"
157.52.75.43 24.116.54.171, 157.52.67.26 - [08/Jul/2019:00:00:27 -0200] "GET /main-category/sub-category1/sub-sub-category299?_=1562557105777&iscll=1&p=3 HTTP/1.1" 200 52491 "https://www.example.com/main-category/sub-category1/sub-sub-category299" "Mozilla/5.0 (Macintosh; Intel Mac OS X 10_14_5) AppleWebKit/537.36 (KHTML, like Gecko) Chrome/75.11.3880.102 Safari/77.390"
157.52.75.46 205.66.102.50, 104.156.90.26 - [08/Jul/2019:00:00:28 -0200] "GET /main-category/sub-category2/sub-sub-category8?_=1562558427968&addisttype=spla&adid=81501341144254&iscll=1&matchtype=e&msclkid=b0a822d634191a251aab7ff48b3eb1bc&p=2&prodsku=s90d HTTP/1.1" 200 56731 "https://www.example.com/main-category/sub-category2/sub-sub-category8?utm_medium=xxxx&utm_source=bing&utm_campaign=xxx%20-%20ssss%20-%20xxx&utm_content=www%202222%20-%20ssas&matchtype=e&utm_term=&adid=81501341144254&addisttype=spla&prodsku=s90d&msclkid=b0a822d634191a251aab7ff48b3eb1bc" "Mozilla/5.0 (iPhone; CPU iPhone OS 13_3 like Mac OS X) AppleWebKit/605.1.15 (KHTML, like Gecko) Version/12.1 Mobile/15E148 Safari/604.1"
157.52.75.46 205.66.102.50, 104.156.90.26 - [08/Jul/2019:00:00:28 -0200] "GET /main-category/sub-category2/sub-sub-category8?_=1562558427968&addisttype=spla&adid=81501341144254&iscll=1&matchtype=e&msclkid=b0a822d634191a251aab7ff48b3eb1bc&p=2&prodsku=s90d HTTP/1.1" 200 56731 "https://www.example.com/main-category/sub-category2/sub-sub-category8?utm_medium=xxxx&utm_source=bing&utm_campaign=xxx%20-%20ssss%20-%20xxx&utm_content=www%202222%20-%20ssas&matchtype=e&utm_term=&adid=81501341144254&addisttype=spla&prodsku=s90d&msclkid=b0a822d634191a251aab7ff48b3eb1bc" "Mozilla/5.0 (iPhone; CPU iPhone OS 13_3 like Mac OS X) AppleWebKit/605.1.15 (KHTML, like Gecko) Version/12.1 Mobile/15E148 Safari/604.1"
157.52.93.27 198.57.5.138 - [08/Jul/2019:00:00:29 -0200] "GET /cstm/sec/load?sections=messages%2Cconnct%2Crdmpn%2Cbta%2Ccart-fddl%2Cwebform%2Cbrowse-fddl&updsecid=true&_=1562537448270 HTTP/1.1" 200 785 "https://www.example.com/gall/alb3" "Mozilla/5.0 (X11; Ubuntu; Linux x86_64; rv:67.0) Gecko/20100101 Firefox/67.0"
157.52.67.42 73.157.155.145 - [08/Jul/2019:00:00:29 -0200] "GET /cstm/sec/load?sections=messages%2Cconnct%2Crdmpn%2Cbta%2Ccart-fddl%2Cwebform%2Cbrowse-fddl&updsecid=true&_=1562557886240 HTTP/1.1" 200 785 "https://www.example.com/main-category/sub-category1/sub-sub-category15?wc=461" "Mozilla/5.0 (Windows NT 10.0; Win64; x64) AppleWebKit/537.36 (KHTML, like Gecko) Chrome/64.0.3282.140 Safari/537.36 Edge/18.17763"
157.52.93.27 198.57.5.138 - [08/Jul/2019:00:00:29 -0200] "GET /cstm/sec/load?sections=messages%2Cconnct%2Crdmpn%2Cbta%2Ccart-fddl%2Cwebform%2Cbrowse-fddl&updsecid=true&_=1562537448270 HTTP/1.1" 200 785 "https://www.example.com/gall/alb3" "Mozilla/5.0 (X11; Ubuntu; Linux x86_64; rv:67.0) Gecko/20100101 Firefox/67.0"
157.52.67.42 73.157.155.145 - [08/Jul/2019:00:00:29 -0200] "GET /cstm/sec/load?sections=messages%2Cconnct%2Crdmpn%2Cbta%2Ccart-fddl%2Cwebform%2Cbrowse-fddl&updsecid=true&_=1562557886240 HTTP/1.1" 200 785 "https://www.example.com/main-category/sub-category1/sub-sub-category15?wc=461" "Mozilla/5.0 (Windows NT 10.0; Win64; x64) AppleWebKit/537.36 (KHTML, like Gecko) Chrome/64.0.3282.140 Safari/537.36 Edge/18.17763"
157.52.75.36 76.122.204.126, 157.52.111.32 - [08/Jul/2019:00:00:31 -0200] "GET /main-category/sub-category1/sub-sub-category9?_=1562558430074&iscll=1&p=2 HTTP/1.1" 200 53063 "https://www.example.com/main-category/sub-category1/sub-sub-category9" "Mozilla/5.0 (Linux; Android 8.0.0; moto e5 plus Build/OCP27.91-32-15) AppleWebKit/537.36 (KHTML, like Gecko) Chrome/69.0.3497.86 Mobile Safari/537.36 EdgA/42.0.0.2851"
157.52.75.36 76.122.204.126, 157.52.111.32 - [08/Jul/2019:00:00:31 -0200] "GET /main-category/sub-category1/sub-sub-category9?_=1562558430074&iscll=1&p=2 HTTP/1.1" 200 53063 "https://www.example.com/main-category/sub-category1/sub-sub-category9" "Mozilla/5.0 (Linux; Android 8.0.0; moto e5 plus Build/OCP27.91-32-15) AppleWebKit/537.36 (KHTML, like Gecko) Chrome/69.0.3497.86 Mobile Safari/537.36 EdgA/42.0.0.2851"
157.52.93.48 174.16.49.20 - [08/Jul/2019:00:00:32 -0200] "GET /cstm/sec/load?sections=messages%2Cconnct%2Crdmpn%2Cbta%2Ccart-fddl%2Cwebform%2Cbrowse-fddl&updsecid=true&_=1562207932279 HTTP/1.1" 200 785 "https://www.example.com/product-ethbn41-h.html" "Mozilla/5.0 (Windows NT 10.0; Win64; x64) AppleWebKit/537.36 (KHTML, like Gecko) Chrome/75.11.3880.102 Safari/77.390"
157.52.75.20 194.103.176.80 - [08/Jul/2019:00:00:32 -0200] "GET /product-w36-bma-dd1-ddack-c.html HTTP/1.1" 200 78203 "-" "Mozilla/5.0 (compatible; Googlebot/2.1; +http://www.google.com/bot.html)"
157.52.93.48 174.16.49.20 - [08/Jul/2019:00:00:32 -0200] "GET /cstm/sec/load?sections=messages%2Cconnct%2Crdmpn%2Cbta%2Ccart-fddl%2Cwebform%2Cbrowse-fddl&updsecid=true&_=1562207932279 HTTP/1.1" 200 785 "https://www.example.com/product-ethbn41-h.html" "Mozilla/5.0 (Windows NT 10.0; Win64; x64) AppleWebKit/537.36 (KHTML, like Gecko) Chrome/75.11.3880.102 Safari/77.390"
157.52.75.20 194.103.176.80 - [08/Jul/2019:00:00:32 -0200] "GET /product-w36-bma-dd1-ddack-c.html HTTP/1.1" 200 78203 "-" "Mozilla/5.0 (compatible; Googlebot/2.1; +http://www.google.com/bot.html)"
127.0.0.1 - - [08/Jul/2019:00:00:32 -0200] "GET /pub/health_check.php HTTP/1.1" 200 - "-" "-"
157.52.67.28 73.221.78.138 - [08/Jul/2019:00:00:34 -0200] "GET /cstm/sec/load?sections=messages%2Cconnct%2Crdmpn%2Cbta%2Ccart-fddl%2Cwebform%2Cbrowse-fddl&updsecid=true&_=1562557751897 HTTP/1.1" 200 785 "https://www.example.com/main-category/sub-category1/sub-sub-category11?bc=14" "Mozilla/5.0 (iPhone; CPU iPhone OS 12_3_1 like Mac OS X) AppleWebKit/605.1.15 (KHTML, like Gecko) Version/12.1.1 Mobile/15E148 Safari/604.1"
157.52.75.77 230.12.118.103, 157.52.67.49 - [08/Jul/2019:00:00:34 -0200] "GET /xfind/autocomp/index?_=1562558416659&cat=0&q=HM_&uenc=aHR0cHM6Ly93d3cuY2FiaW5ldHMuY29tL2FkdmFuY2VkLXNlYXJjaA%2C%2C HTTP/1.1" 200 2 "https://www.example.com/asearch" "Mozilla/5.0 (Linux; Android 9; SM-N950U) AppleWebKit/537.36 (KHTML, like Gecko) Chrome/75.0.3770.101 Mobile Safari/537.36"
157.52.93.28 148.47.78.148 - [08/Jul/2019:00:00:34 -0200] "GET /cstm/sec/load?sections=messages%2Cconnct%2Crdmpn%2Cbta%2Ccart-fddl%2Cwebform%2Cbrowse-fddl&updsecid=true&_=1562470942474 HTTP/1.1" 200 785 "https://www.example.com/print/cart/index" "Mozilla/5.0 (Macintosh; Intel Mac OS X 10.14; rv:67.0) Gecko/20100101 Firefox/67.0"
157.52.93.27 198.57.5.138 - [08/Jul/2019:00:00:34 -0200] "GET /cstm/sec/load?sections=messages%2Cconnct%2Crdmpn%2Cbta%2Ccart-fddl%2Cwebform%2Cbrowse-fddl&updsecid=true&_=1562537895639 HTTP/1.1" 200 785 "https://www.example.com/product-bpsm-aw-bgg-bep-s.html" "Mozilla/5.0 (X11; Ubuntu; Linux x86_64; rv:67.0) Gecko/20100101 Firefox/67.0"
157.52.82.37 108.53.61.38 - [08/Jul/2019:00:00:34 -0200] "GET /cstm/sec/load?sections=messages%2Cconnct%2Crdmpn%2Cbta%2Ccart-fddl%2Cwebform%2Cbrowse-fddl&updsecid=true&_=1562546691916 HTTP/1.1" 200 785 "https://www.example.com/gall/alb5" "Mozilla/5.0 (Macintosh; Intel Mac OS X 10_14_5) AppleWebKit/537.36 (KHTML, like Gecko) Chrome/75.11.3880.102 Safari/77.390"
